[azim.hostlin.com/Jobaway/index.html]
[backblue.gif]
[fade.gif]
[index.html]
[azim.hostlin.com/Jobaway/assets/images/favicon.ico]
[azim.hostlin.com/Jobaway/assets/css/font-awesome-all.css]
[azim.hostlin.com/Jobaway/assets/css/flaticon.css]
[azim.hostlin.com/Jobaway/assets/css/owl.css]
[azim.hostlin.com/Jobaway/assets/css/bootstrap.css]
[azim.hostlin.com/Jobaway/assets/css/jquery.fancybox.min.css]
[azim.hostlin.com/Jobaway/assets/css/animate.css]
[azim.hostlin.com/Jobaway/assets/css/nice-select.css]
[azim.hostlin.com/Jobaway/assets/css/odometer.css]
[azim.hostlin.com/Jobaway/assets/css/elpath.css]
[azim.hostlin.com/Jobaway/assets/css/color.css]
[azim.hostlin.com/Jobaway/assets/css/rtl.css]
[azim.hostlin.com/Jobaway/assets/css/style.css]
[azim.hostlin.com/Jobaway/assets/css/module-css/header.css]
[azim.hostlin.com/Jobaway/assets/css/module-css/banner.css]
[azim.hostlin.com/Jobaway/assets/css/module-css/clients.css]
[azim.hostlin.com/Jobaway/assets/css/module-css/about.css]
[azim.hostlin.com/Jobaway/assets/css/module-css/funfact.css]
[azim.hostlin.com/Jobaway/assets/css/module-css/chooseus.css]
[azim.hostlin.com/Jobaway/assets/css/module-css/category.css]
[azim.hostlin.com/Jobaway/assets/css/module-css/industries.css]
[azim.hostlin.com/Jobaway/assets/css/module-css/process.css]
[azim.hostlin.com/Jobaway/assets/css/module-css/team.css]
[azim.hostlin.com/Jobaway/assets/css/module-css/news.css]
[azim.hostlin.com/Jobaway/assets/css/module-css/subscribe.css]
[azim.hostlin.com/Jobaway/assets/css/module-css/footer.css]
[azim.hostlin.com/Jobaway/assets/css/responsive.css]
[azim.hostlin.com/Jobaway/assets/images/logo.png]
[azim.hostlin.com/Jobaway/index-2.html]
[azim.hostlin.com/Jobaway/index-3.html]
[azim.hostlin.com/Jobaway/index-4.html]
[azim.hostlin.com/Jobaway/index-5.html]
[azim.hostlin.com/Jobaway/about.html]
[azim.hostlin.com/Jobaway/service.html]
[azim.hostlin.com/Jobaway/service-details.html]
[azim.hostlin.com/Jobaway/service-details-2.html]
[azim.hostlin.com/Jobaway/service-details-3.html]
[azim.hostlin.com/Jobaway/service-details-4.html]
[azim.hostlin.com/Jobaway/service-details-5.html]
[azim.hostlin.com/Jobaway/service-details-6.html]
[azim.hostlin.com/Jobaway/job.html]
[azim.hostlin.com/Jobaway/job-2.html]
[azim.hostlin.com/Jobaway/job-3.html]
[azim.hostlin.com/Jobaway/job-4.html]
[azim.hostlin.com/Jobaway/job-details.html]
[azim.hostlin.com/Jobaway/portfolio.html]
[azim.hostlin.com/Jobaway/portfolio-2.html]
[azim.hostlin.com/Jobaway/portfolio-3.html]
[azim.hostlin.com/Jobaway/team.html]
[azim.hostlin.com/Jobaway/faq.html]
[azim.hostlin.com/Jobaway/testimonial.html]
[azim.hostlin.com/Jobaway/login.html]
[azim.hostlin.com/Jobaway/signup.html]
[azim.hostlin.com/Jobaway/error.html]
[azim.hostlin.com/Jobaway/blog.html]
[azim.hostlin.com/Jobaway/blog-2.html]
[azim.hostlin.com/Jobaway/blog-details.html]
[azim.hostlin.com/Jobaway/contact.html]
[azim.hostlin.com/Jobaway/assets/images/logo-2.png]
[azim.hostlin.com/Jobaway/assets/images/shape/shape-1.png]
[azim.hostlin.com/Jobaway/assets/images/resource/author-1.png]
[azim.hostlin.com/Jobaway/assets/images/resource/author-2.png]
[azim.hostlin.com/Jobaway/assets/images/resource/author-3.png]
[azim.hostlin.com/Jobaway/assets/images/resource/author-4.png]
[azim.hostlin.com/Jobaway/assets/images/resource/author-5.png]
[azim.hostlin.com/Jobaway/assets/images/resource/author-6.png]
[azim.hostlin.com/Jobaway/assets/images/clients/clients-1.png]
[azim.hostlin.com/Jobaway/assets/images/clients/clients-2.png]
[azim.hostlin.com/Jobaway/assets/images/clients/clients-3.png]
[azim.hostlin.com/Jobaway/assets/images/clients/clients-4.png]
[azim.hostlin.com/Jobaway/assets/images/clients/clients-5.png]
[azim.hostlin.com/Jobaway/assets/images/resource/video-3.jpg]
[azim.hostlin.com/Jobaway/assets/images/resource/video-2.jpg]
[azim.hostlin.com/Jobaway/assets/images/resource/video-1.jpg]
[azim.hostlin.com/Jobaway/assets/images/shape/shape-2.png]
[azim.hostlin.com/Jobaway/assets/images/background/category-bg.jpg]
[azim.hostlin.com/Jobaway/assets/images/resource/category-1.jpg]
[azim.hostlin.com/Jobaway/assets/images/resource/category-2.jpg]
[azim.hostlin.com/Jobaway/assets/images/shape/shape-3.png]
[azim.hostlin.com/Jobaway/assets/images/team/team-1.jpg]
[azim.hostlin.com/Jobaway/assets/images/team/team-2.jpg]
[azim.hostlin.com/Jobaway/assets/images/team/team-3.jpg]
[azim.hostlin.com/Jobaway/assets/images/team/team-4.jpg]
[azim.hostlin.com/Jobaway/assets/images/team/team-5.jpg]
[azim.hostlin.com/Jobaway/assets/images/team/team-6.jpg]
[azim.hostlin.com/Jobaway/assets/images/team/team-7.jpg]
[azim.hostlin.com/Jobaway/assets/images/news/news-1.jpg]
[azim.hostlin.com/Jobaway/assets/images/news/news-2.jpg]
[azim.hostlin.com/Jobaway/assets/images/news/news-3.jpg]
[azim.hostlin.com/Jobaway/assets/images/background/subscribe-bg.jpg]
[azim.hostlin.com/Jobaway/assets/images/icons/icon-4.png]
[azim.hostlin.com/Jobaway/assets/images/icons/icon-5.png]
[azim.hostlin.com/Jobaway/assets/js/jquery.js]
[azim.hostlin.com/Jobaway/assets/js/bootstrap.min.js]
[azim.hostlin.com/Jobaway/assets/js/owl.js]
[azim.hostlin.com/Jobaway/assets/js/wow.js]
[azim.hostlin.com/Jobaway/assets/js/validation.js]
[azim.hostlin.com/Jobaway/assets/js/jquery.fancybox.js]
[azim.hostlin.com/Jobaway/assets/js/appear.js]
[azim.hostlin.com/Jobaway/assets/js/isotope.js]
[azim.hostlin.com/Jobaway/assets/js/parallax-scroll.js]
[azim.hostlin.com/Jobaway/assets/js/jquery.nice-select.min.js]
[azim.hostlin.com/Jobaway/assets/js/scrolltop.min.js]
[azim.hostlin.com/Jobaway/assets/js/gsap.js]
[azim.hostlin.com/Jobaway/assets/js/ScrollTrigger.js]
[azim.hostlin.com/Jobaway/assets/js/SplitText.js]
[azim.hostlin.com/Jobaway/assets/js/language.js]
[azim.hostlin.com/Jobaway/assets/js/jquery-ui.js]
[azim.hostlin.com/Jobaway/assets/js/lenis.min.js]
[azim.hostlin.com/Jobaway/assets/js/odometer.js]
[azim.hostlin.com/Jobaway/assets/js/script.js]
[azim.hostlin.com/Jobaway/index.html]
[azim.hostlin.com/Jobaway/assets/fonts/fa-brands-400.eot]
[azim.hostlin.com/Jobaway/assets/fonts/fa-brands-400d41d.eot]
[azim.hostlin.com/Jobaway/assets/fonts/fa-brands-400.woff2]
[azim.hostlin.com/Jobaway/assets/fonts/fa-brands-400.woff]
[azim.hostlin.com/Jobaway/assets/fonts/fa-brands-400.ttf]
[azim.hostlin.com/Jobaway/assets/fonts/fa-light-300.woff2]
[azim.hostlin.com/Jobaway/assets/fonts/fa-light-300.woff]
[azim.hostlin.com/Jobaway/assets/fonts/fa-regular-400.eot]
[azim.hostlin.com/Jobaway/assets/fonts/fa-regular-400d41d.eot]
[azim.hostlin.com/Jobaway/assets/fonts/fa-regular-400.woff2]
[azim.hostlin.com/Jobaway/assets/fonts/fa-regular-400.woff]
[azim.hostlin.com/Jobaway/assets/fonts/fa-solid-900.woff2]
[azim.hostlin.com/Jobaway/assets/fonts/fa-solid-900.woff]
[azim.hostlin.com/Jobaway/assets/css/font-awesome-all.css]
[azim.hostlin.com/Jobaway/assets/fonts/icomoon9a84.eot]
[azim.hostlin.com/Jobaway/assets/fonts/icomoon9a84.ttf]
[azim.hostlin.com/Jobaway/assets/fonts/icomoon9a84.woff]
[azim.hostlin.com/Jobaway/assets/css/flaticon.css]
[azim.hostlin.com/Jobaway/assets/fonts/icomoon9a84.svg]
[azim.hostlin.com/Jobaway/assets/css/owl.css]
[azim.hostlin.com/Jobaway/assets/css/bootstrap.css]
[azim.hostlin.com/Jobaway/assets/css/jquery.fancybox.min.css]
[azim.hostlin.com/Jobaway/assets/css/animate.css]
[azim.hostlin.com/Jobaway/assets/css/nice-select.css]
[azim.hostlin.com/Jobaway/assets/css/odometer.css]
[azim.hostlin.com/Jobaway/assets/css/elpath.css]
[azim.hostlin.com/Jobaway/assets/css/color.css]
[azim.hostlin.com/Jobaway/assets/css/rtl.css]
[azim.hostlin.com/Jobaway/assets/images/icons/icon-1.png]
[azim.hostlin.com/Jobaway/assets/images/icons/flag-deutsch.png]
[azim.hostlin.com/Jobaway/assets/images/icons/flag-english.png]
[azim.hostlin.com/Jobaway/assets/images/icons/flag-francais.png]
[azim.hostlin.com/Jobaway/assets/images/icons/flag-italiano.png]
[azim.hostlin.com/Jobaway/assets/css/style.css]
[azim.hostlin.com/Jobaway/assets/css/module-css/header.css]
[azim.hostlin.com/Jobaway/assets/css/module-css/banner.css]
[azim.hostlin.com/Jobaway/assets/css/module-css/clients.css]
[azim.hostlin.com/Jobaway/assets/css/module-css/about.css]
[azim.hostlin.com/Jobaway/assets/css/module-css/funfact.css]
[azim.hostlin.com/Jobaway/assets/css/module-css/chooseus.css]
[azim.hostlin.com/Jobaway/assets/css/module-css/category.css]
[azim.hostlin.com/Jobaway/assets/css/module-css/industries.css]
[azim.hostlin.com/Jobaway/assets/css/module-css/process.css]
[azim.hostlin.com/Jobaway/assets/css/module-css/team.css]
[azim.hostlin.com/Jobaway/assets/css/module-css/news.css]
[azim.hostlin.com/Jobaway/assets/css/module-css/subscribe.css]
[azim.hostlin.com/Jobaway/assets/css/module-css/footer.css]
[azim.hostlin.com/Jobaway/assets/css/responsive.css]
[azim.hostlin.com/Jobaway/assets/css/module-css/faq.css]
[azim.hostlin.com/Jobaway/assets/css/module-css/training.css]
[azim.hostlin.com/Jobaway/assets/css/module-css/pricing.css]
[azim.hostlin.com/Jobaway/assets/css/module-css/download.css]
[azim.hostlin.com/Jobaway/assets/css/module-css/testimonial.css]
[azim.hostlin.com/Jobaway/assets/images/icons/icon-6.png]
[azim.hostlin.com/Jobaway/assets/images/icons/icon-7.png]
[azim.hostlin.com/Jobaway/assets/images/shape/shape-5.png]
[azim.hostlin.com/Jobaway/assets/images/shape/shape-4.png]
[azim.hostlin.com/Jobaway/assets/images/banner/banner-1.jpg]
[azim.hostlin.com/Jobaway/assets/images/clients/clients-6.png]
[azim.hostlin.com/Jobaway/assets/images/clients/clients-7.png]
[azim.hostlin.com/Jobaway/assets/images/clients/clients-8.png]
[azim.hostlin.com/Jobaway/assets/images/clients/clients-9.png]
[azim.hostlin.com/Jobaway/assets/images/clients/clients-10.png]
[azim.hostlin.com/Jobaway/assets/images/resource/video-4.jpg]
[azim.hostlin.com/Jobaway/assets/images/resource/training-1.jpg]
[azim.hostlin.com/Jobaway/assets/images/icons/icon-8.png]
[azim.hostlin.com/Jobaway/assets/images/resource/training-2.jpg]
[azim.hostlin.com/Jobaway/assets/images/resource/training-3.jpg]
[azim.hostlin.com/Jobaway/assets/images/resource/training-4.jpg]
[azim.hostlin.com/Jobaway/assets/images/shape/shape-6.png]
[azim.hostlin.com/Jobaway/assets/images/resource/book-1.png]
[azim.hostlin.com/Jobaway/assets/images/shape/shape-7.png]
[azim.hostlin.com/Jobaway/assets/images/icons/icon-10.png]
[azim.hostlin.com/Jobaway/assets/images/resource/testimonial-1.png]
[azim.hostlin.com/Jobaway/assets/images/resource/testimonial-2.png]
[azim.hostlin.com/Jobaway/assets/images/resource/testimonial-3.png]
[azim.hostlin.com/Jobaway/assets/images/news/news-4.jpg]
[azim.hostlin.com/Jobaway/assets/images/news/news-5.jpg]
[azim.hostlin.com/Jobaway/assets/images/news/news-6.jpg]
[azim.hostlin.com/Jobaway/assets/images/shape/shape-8.png]
[azim.hostlin.com/Jobaway/assets/images/shape/shape-9.png]
[azim.hostlin.com/Jobaway/assets/js/jquery.lettering.min.js]
[azim.hostlin.com/Jobaway/assets/js/jquery.circleType.js]
[azim.hostlin.com/Jobaway/index-2.html]
[azim.hostlin.com/Jobaway/assets/css/module-css/welcome.css]
[azim.hostlin.com/Jobaway/assets/css/module-css/apps.css]
[azim.hostlin.com/Jobaway/assets/images/shape/shape-10.png]
[azim.hostlin.com/Jobaway/assets/images/shape/shape-11.png]
[azim.hostlin.com/Jobaway/assets/images/shape/shape-12.png]
[azim.hostlin.com/Jobaway/assets/images/shape/shape-13.png]
[azim.hostlin.com/Jobaway/assets/images/icons/logo-icon-1.png]
[azim.hostlin.com/Jobaway/assets/images/banner/banner-img-1.jpg]
[azim.hostlin.com/Jobaway/assets/images/banner/banner-img-2.jpg]
[azim.hostlin.com/Jobaway/assets/images/banner/banner-img-3.jpg]
[azim.hostlin.com/Jobaway/assets/images/banner/banner-img-4.jpg]
[azim.hostlin.com/Jobaway/assets/images/resource/about-1.jpg]
[azim.hostlin.com/Jobaway/assets/images/resource/about-2.jpg]
[azim.hostlin.com/Jobaway/assets/images/shape/shape-14.png]
[azim.hostlin.com/Jobaway/assets/images/shape/shape-15.png]
[azim.hostlin.com/Jobaway/assets/images/shape/shape-16.png]
[azim.hostlin.com/Jobaway/assets/images/resource/welcome-1.jpg]
[azim.hostlin.com/Jobaway/assets/images/resource/welcome-2.jpg]
[azim.hostlin.com/Jobaway/assets/images/shape/shape-17.png]
[azim.hostlin.com/Jobaway/assets/images/icons/icon-11.png]
[azim.hostlin.com/Jobaway/assets/images/shape/shape-18.png]
[azim.hostlin.com/Jobaway/assets/images/icons/icon-12.png]
[azim.hostlin.com/Jobaway/assets/images/resource/author-7.png]
[azim.hostlin.com/Jobaway/assets/images/icons/icon-13.png]
[azim.hostlin.com/Jobaway/index-3.html]
[azim.hostlin.com/Jobaway/assets/css/module-css/service.css]
[azim.hostlin.com/Jobaway/assets/images/banner/banner-2.jpg]
[azim.hostlin.com/Jobaway/assets/images/banner/banner-5.jpg]
[azim.hostlin.com/Jobaway/assets/images/banner/banner-6.jpg]
[azim.hostlin.com/Jobaway/assets/images/resource/about-3.jpg]
[azim.hostlin.com/Jobaway/assets/images/resource/about-4.jpg]
[azim.hostlin.com/Jobaway/assets/images/resource/about-5.jpg]
[azim.hostlin.com/Jobaway/assets/images/resource/about-6.jpg]
[azim.hostlin.com/Jobaway/assets/images/shape/shape-19.png]
[azim.hostlin.com/Jobaway/assets/images/service/service-1.jpg]
[azim.hostlin.com/Jobaway/assets/images/service/service-2.jpg]
[azim.hostlin.com/Jobaway/assets/images/service/service-3.jpg]
[azim.hostlin.com/Jobaway/assets/images/icons/signature-1.png]
[azim.hostlin.com/Jobaway/assets/images/resource/testimonial-4.png]
[azim.hostlin.com/Jobaway/assets/images/shape/shape-20.png]
[azim.hostlin.com/Jobaway/assets/images/resource/book-2.png]
[azim.hostlin.com/Jobaway/index-4.html]
[azim.hostlin.com/Jobaway/assets/css/module-css/profile.css]
[azim.hostlin.com/Jobaway/assets/css/module-css/featured.css]
[azim.hostlin.com/Jobaway/assets/images/banner/banner-3.jpg]
[azim.hostlin.com/Jobaway/assets/images/banner/banner-4.jpg]
[azim.hostlin.com/Jobaway/assets/images/shape/shape-21.png]
[azim.hostlin.com/Jobaway/assets/images/resource/industries-1.jpg]
[azim.hostlin.com/Jobaway/assets/images/resource/industries-2.jpg]
[azim.hostlin.com/Jobaway/assets/images/resource/industries-3.jpg]
[azim.hostlin.com/Jobaway/assets/images/resource/industries-4.jpg]
[azim.hostlin.com/Jobaway/assets/images/resource/industries-5.jpg]
[azim.hostlin.com/Jobaway/assets/images/resource/industries-6.jpg]
[azim.hostlin.com/Jobaway/assets/images/resource/industries-7.jpg]
[azim.hostlin.com/Jobaway/assets/images/resource/industries-8.jpg]
[azim.hostlin.com/Jobaway/assets/images/shape/shape-22.png]
[azim.hostlin.com/Jobaway/assets/images/icons/icon-15.png]
[azim.hostlin.com/Jobaway/assets/images/resource/author-8.png]
[azim.hostlin.com/Jobaway/assets/images/icons/logo-icon-2.png]
[azim.hostlin.com/Jobaway/assets/images/resource/author-9.png]
[azim.hostlin.com/Jobaway/assets/images/icons/icon-16.png]
[azim.hostlin.com/Jobaway/assets/images/resource/profile-1.jpg]
[azim.hostlin.com/Jobaway/assets/images/resource/profile-2.jpg]
[azim.hostlin.com/Jobaway/assets/images/icons/icon-17.png]
[azim.hostlin.com/Jobaway/assets/images/icons/icon-18.png]
[azim.hostlin.com/Jobaway/assets/images/icons/icon-19.png]
[azim.hostlin.com/Jobaway/assets/images/icons/icon-20.png]
[azim.hostlin.com/Jobaway/assets/images/icons/icon-21.png]
[azim.hostlin.com/Jobaway/assets/images/icons/icon-22.png]
[azim.hostlin.com/Jobaway/assets/images/icons/icon-23.png]
[azim.hostlin.com/Jobaway/assets/images/resource/testimonial-5.png]
[azim.hostlin.com/Jobaway/index-5.html]
[azim.hostlin.com/Jobaway/assets/js/bxslider.js]
[azim.hostlin.com/Jobaway/assets/css/module-css/page-title.css]
[azim.hostlin.com/Jobaway/assets/images/shape/shape-23.png]
[azim.hostlin.com/Jobaway/about.html]
[azim.hostlin.com/Jobaway/assets/images/service/service-4.jpg]
[azim.hostlin.com/Jobaway/assets/images/service/service-5.jpg]
[azim.hostlin.com/Jobaway/assets/images/service/service-6.jpg]
[azim.hostlin.com/Jobaway/assets/images/resource/women-1.png]
[azim.hostlin.com/Jobaway/assets/images/resource/men-1.png]
[azim.hostlin.com/Jobaway/service.html]
[azim.hostlin.com/Jobaway/assets/css/module-css/service-details.css]
[azim.hostlin.com/Jobaway/assets/images/shape/shape-24.png]
[azim.hostlin.com/Jobaway/assets/images/resource/book-3.png]
[azim.hostlin.com/Jobaway/assets/images/service/service-7.jpg]
[azim.hostlin.com/Jobaway/assets/images/service/service-8.jpg]
[azim.hostlin.com/Jobaway/service-details.html]
[azim.hostlin.com/Jobaway/assets/images/service/service-9.jpg]
[azim.hostlin.com/Jobaway/service-details-2.html]
[azim.hostlin.com/Jobaway/assets/images/service/service-10.jpg]
[azim.hostlin.com/Jobaway/service-details-3.html]
[azim.hostlin.com/Jobaway/assets/images/service/service-11.jpg]
[azim.hostlin.com/Jobaway/service-details-4.html]
[azim.hostlin.com/Jobaway/assets/images/service/service-12.jpg]
[azim.hostlin.com/Jobaway/service-details-5.html]
[azim.hostlin.com/Jobaway/service-details-6.html]
[azim.hostlin.com/Jobaway/assets/css/module-css/job.css]
[azim.hostlin.com/Jobaway/job.html]
[azim.hostlin.com/Jobaway/job-2.html]
[azim.hostlin.com/Jobaway/job-3.html]
[azim.hostlin.com/Jobaway/assets/images/icons/icon-24.png]
[azim.hostlin.com/Jobaway/job-4.html]
[azim.hostlin.com/Jobaway/assets/css/module-css/job-details.css]
[azim.hostlin.com/Jobaway/job-details.html]
[azim.hostlin.com/Jobaway/assets/css/module-css/portfolio.css]
[azim.hostlin.com/Jobaway/assets/images/portfolio/portfolio-1.jpg]
[azim.hostlin.com/Jobaway/assets/images/portfolio/portfolio-2.jpg]
[azim.hostlin.com/Jobaway/assets/images/portfolio/portfolio-3.jpg]
[azim.hostlin.com/Jobaway/assets/images/portfolio/portfolio-4.jpg]
[azim.hostlin.com/Jobaway/assets/images/portfolio/portfolio-5.jpg]
[azim.hostlin.com/Jobaway/assets/images/portfolio/portfolio-6.jpg]
[azim.hostlin.com/Jobaway/assets/images/portfolio/portfolio-7.jpg]
[azim.hostlin.com/Jobaway/assets/images/portfolio/portfolio-8.jpg]
[azim.hostlin.com/Jobaway/assets/images/portfolio/portfolio-9.jpg]
[azim.hostlin.com/Jobaway/portfolio.html]
[azim.hostlin.com/Jobaway/assets/images/portfolio/portfolio-10.jpg]
[azim.hostlin.com/Jobaway/assets/images/portfolio/portfolio-11.jpg]
[azim.hostlin.com/Jobaway/assets/images/portfolio/portfolio-12.jpg]
[azim.hostlin.com/Jobaway/assets/images/portfolio/portfolio-13.jpg]
[azim.hostlin.com/Jobaway/assets/images/portfolio/portfolio-14.jpg]
[azim.hostlin.com/Jobaway/assets/images/portfolio/portfolio-15.jpg]
[azim.hostlin.com/Jobaway/portfolio-2.html]
[azim.hostlin.com/Jobaway/assets/images/portfolio/portfolio-16.jpg]
[azim.hostlin.com/Jobaway/assets/images/portfolio/portfolio-17.jpg]
[azim.hostlin.com/Jobaway/assets/images/portfolio/portfolio-18.jpg]
[azim.hostlin.com/Jobaway/assets/images/portfolio/portfolio-19.jpg]
[azim.hostlin.com/Jobaway/assets/images/portfolio/portfolio-20.jpg]
[azim.hostlin.com/Jobaway/assets/images/portfolio/portfolio-21.jpg]
[azim.hostlin.com/Jobaway/assets/images/portfolio/portfolio-22.jpg]
[azim.hostlin.com/Jobaway/assets/images/portfolio/portfolio-23.jpg]
[azim.hostlin.com/Jobaway/assets/images/portfolio/portfolio-24.jpg]
[azim.hostlin.com/Jobaway/portfolio-3.html]
[azim.hostlin.com/Jobaway/assets/images/team/team-8.jpg]
[azim.hostlin.com/Jobaway/team.html]
[azim.hostlin.com/Jobaway/assets/images/resource/faq-1.jpg]
[azim.hostlin.com/Jobaway/faq.html]
[azim.hostlin.com/Jobaway/assets/css/module-css/video.css]
[azim.hostlin.com/Jobaway/assets/images/resource/testimonial-6.png]
[azim.hostlin.com/Jobaway/assets/images/resource/testimonial-7.png]
[azim.hostlin.com/Jobaway/assets/images/resource/testimonial-8.png]
[azim.hostlin.com/Jobaway/assets/images/background/video-bg.jpg]
[azim.hostlin.com/Jobaway/testimonial.html]
[azim.hostlin.com/Jobaway/assets/css/module-css/login.css]
[azim.hostlin.com/Jobaway/assets/images/shape/shape-25.png]
[azim.hostlin.com/Jobaway/assets/images/icons/icon-25.png]
[azim.hostlin.com/Jobaway/assets/images/icons/icon-26.png]
[azim.hostlin.com/Jobaway/login.html]
[azim.hostlin.com/Jobaway/signup.html]
[azim.hostlin.com/Jobaway/assets/css/module-css/error.css]
[azim.hostlin.com/Jobaway/error.html]
[azim.hostlin.com/Jobaway/assets/css/module-css/blog-sidebar.css]
[azim.hostlin.com/Jobaway/assets/images/news/post-1.jpg]
[azim.hostlin.com/Jobaway/assets/images/news/post-2.jpg]
[azim.hostlin.com/Jobaway/assets/images/news/post-3.jpg]
[azim.hostlin.com/Jobaway/assets/images/news/news-7.jpg]
[azim.hostlin.com/Jobaway/assets/images/news/news-8.jpg]
[azim.hostlin.com/Jobaway/assets/images/news/news-9.jpg]
[azim.hostlin.com/Jobaway/assets/images/news/news-10.jpg]
[azim.hostlin.com/Jobaway/assets/images/news/news-11.jpg]
[azim.hostlin.com/Jobaway/assets/images/news/news-12.jpg]
[azim.hostlin.com/Jobaway/blog.html]
[azim.hostlin.com/Jobaway/assets/css/module-css/blog-details.css]
[azim.hostlin.com/Jobaway/assets/images/news/news-13.jpg]
[azim.hostlin.com/Jobaway/assets/images/news/news-14.jpg]
[azim.hostlin.com/Jobaway/assets/images/news/news-15.jpg]
[azim.hostlin.com/Jobaway/assets/images/news/news-16.jpg]
[azim.hostlin.com/Jobaway/blog-2.html]
[azim.hostlin.com/Jobaway/assets/images/news/news-17.jpg]
[azim.hostlin.com/Jobaway/blog-details.html]
[azim.hostlin.com/Jobaway/assets/images/news/news-18.jpg]
[azim.hostlin.com/Jobaway/assets/css/module-css/contact.css]
[azim.hostlin.com/Jobaway/assets/images/icons/icon-27.png]
[azim.hostlin.com/Jobaway/assets/images/icons/icon-28.png]
[azim.hostlin.com/Jobaway/assets/images/icons/icon-29.png]
[azim.hostlin.com/Jobaway/contact.html]
[azim.hostlin.com/Jobaway/assets/fonts/fa-brands-400.html]
[azim.hostlin.com/Jobaway/assets/fonts/fa-light-300.html]
[azim.hostlin.com/Jobaway/assets/fonts/fa-light-300d41d.html]
[azim.hostlin.com/Jobaway/assets/fonts/fa-light-301.html]
[azim.hostlin.com/Jobaway/assets/fonts/fa-light-302.html]
[azim.hostlin.com/Jobaway/assets/fonts/fa-regular-400.html]
[azim.hostlin.com/Jobaway/assets/fonts/fa-regular-401.html]
[azim.hostlin.com/Jobaway/assets/fonts/fa-solid-900.html]
[azim.hostlin.com/Jobaway/assets/fonts/fa-solid-900d41d.html]
[azim.hostlin.com/Jobaway/assets/fonts/fa-solid-901.html]
[azim.hostlin.com/Jobaway/assets/fonts/fa-solid-902.html]
[azim.hostlin.com/Jobaway/assets/fonts/icomoon9a84.svg]
[azim.hostlin.com/Jobaway/assets/css/owl.video.play.html]
[azim.hostlin.com/Jobaway/assets/css/module-css/faq.css]
[azim.hostlin.com/Jobaway/assets/css/module-css/training.css]
[azim.hostlin.com/Jobaway/assets/css/module-css/pricing.css]
[azim.hostlin.com/Jobaway/assets/images/icons/icon-9.png]
[azim.hostlin.com/Jobaway/assets/css/module-css/download.css]
[azim.hostlin.com/Jobaway/assets/css/module-css/testimonial.css]
[azim.hostlin.com/Jobaway/assets/css/module-css/welcome.css]
[azim.hostlin.com/Jobaway/assets/css/module-css/apps.css]
[azim.hostlin.com/Jobaway/assets/css/module-css/service.css]
[azim.hostlin.com/Jobaway/assets/css/module-css/profile.css]
[azim.hostlin.com/Jobaway/assets/css/module-css/featured.css]
[azim.hostlin.com/Jobaway/assets/css/module-css/page-title.css]
[azim.hostlin.com/Jobaway/assets/css/module-css/service-details.css]
[azim.hostlin.com/Jobaway/assets/css/module-css/job.css]
[azim.hostlin.com/Jobaway/assets/css/module-css/job-details.css]
[azim.hostlin.com/Jobaway/assets/css/module-css/portfolio.css]
[azim.hostlin.com/Jobaway/assets/css/module-css/video.css]
[azim.hostlin.com/Jobaway/assets/css/module-css/login.css]
[azim.hostlin.com/Jobaway/assets/css/module-css/error.css]
[azim.hostlin.com/Jobaway/assets/css/module-css/blog-sidebar.css]
[azim.hostlin.com/Jobaway/assets/css/module-css/blog-details.css]
[azim.hostlin.com/Jobaway/assets/css/module-css/contact.css]
